// Jest Snapshot v1, https://jestjs.io/docs/snapshot-testing

exports[`AskPicklist component AskPicklist renders properly 1`] = `
<div>
  <div
    class="menu"
  >
    <div
      class="menuItem focusme techno"
    >
      <span
        class="punc"
      >
        "
      </span>
      short
      <span
        class="punc"
      >
        "
      </span>
      <span
        class="explainer"
      >
        short
      </span>
    </div>
    <div
      class="menuItem focusme techno"
    >
      <span
        class="punc"
      >
        "
      </span>
      medium
      <span
        class="punc"
      >
        "
      </span>
      <span
        class="explainer"
      >
        medium
      </span>
    </div>
    <div
      class="menuItem focusme techno"
    >
      <span
        class="punc"
      >
        "
      </span>
      long
      <span
        class="punc"
      >
        "
      </span>
    </div>
  </div>
</div>
`;
