// Jest Snapshot v1, https://jestjs.io/docs/snapshot-testing

exports[`Attribute component renders properly 1`] = `
<div>
  <span
    class="attribute"
  >
    <span
      class="punc"
    >
       
    </span>
    <span
      class="name"
    >
      name
    </span>
    <span
      class="punc"
    >
      =
    </span>
    <span
      class="valueContainer"
    >
      <span
        class="punc"
      >
        "
      </span>
      <span
        class="value"
      >
        value
      </span>
      <span
        class="punc"
      >
        "
      </span>
    </span>
  </span>
</div>
`;
