// Jest Snapshot v1, https://jestjs.io/docs/snapshot-testing

exports[`Attribute component renders properly 1`] = `
<div>
  text1 text2
</div>
`;
