// Jest Snapshot v1, https://jestjs.io/docs/snapshot-testing

exports[`XmlEditor component xml editor renders properly 1`] = `
<div>
  <div
    class="xonomy nerd"
  />
</div>
`;
